2025-07-24 10:45:17,999 - werkzeug - INFO - [31m[1mWARNING: This is a development server. Do not use it in a production deployment. Use a production WSGI server instead.[0m
 * Running on http://127.0.0.1:5000
2025-07-24 10:45:17,999 - werkzeug - INFO - [33mPress CTRL+C to quit[0m
2025-07-24 10:45:18,014 - werkzeug - INFO -  * Restarting with stat
2025-07-24 10:45:18,921 - werkzeug - WARNING -  * Debugger is active!
2025-07-24 10:45:18,926 - werkzeug - INFO -  * Debugger PIN: 771-568-893
2025-07-24 10:45:48,222 - werkzeug - INFO - 127.0.0.1 - - [24/Jul/2025 10:45:48] "OPTIONS /api/chat HTTP/1.1" 200 -
2025-07-24 10:45:48,491 - app.routes - INFO - Processando mensagem de chat: 'asdasdasdas...'
2025-07-24 10:45:49,733 - app.routes - INFO - Chat processado com sucesso.
2025-07-24 10:45:49,733 - werkzeug - INFO - 127.0.0.1 - - [24/Jul/2025 10:45:49] "POST /api/chat HTTP/1.1" 200 -
2025-07-24 10:48:17,489 - app.routes - INFO - Processando análise de PDF com prompt: 'Resuma o conteúdo deste documento para um estudant...'
2025-07-24 10:48:23,163 - app.routes - INFO - PDF analisado com sucesso.
2025-07-24 10:48:23,164 - werkzeug - INFO - 127.0.0.1 - - [24/Jul/2025 10:48:23] "POST /api/analyze-pdf HTTP/1.1" 200 -
2025-07-24 10:49:09,576 - app.routes - INFO - Processando análise de PDF com prompt: 'Resuma o conteúdo deste documento para um estudant...'
2025-07-24 10:49:26,480 - app.routes - INFO - PDF analisado com sucesso.
2025-07-24 10:49:26,481 - werkzeug - INFO - 127.0.0.1 - - [24/Jul/2025 10:49:26] "POST /api/analyze-pdf HTTP/1.1" 200 -
2025-07-24 10:56:21,244 - werkzeug - INFO - 127.0.0.1 - - [24/Jul/2025 10:56:21] "OPTIONS /api/chat HTTP/1.1" 200 -
2025-07-24 10:56:21,500 - app.routes - INFO - Processando mensagem de chat: 'Um MVP Conceitual (Produto Mínimo Viável Conceitua...'
2025-07-24 10:56:23,446 - app.routes - INFO - Chat processado com sucesso.
2025-07-24 10:56:23,447 - werkzeug - INFO - 127.0.0.1 - - [24/Jul/2025 10:56:23] "POST /api/chat HTTP/1.1" 200 -
2025-07-24 10:57:07,090 - werkzeug - INFO - 127.0.0.1 - - [24/Jul/2025 10:57:07] "OPTIONS /api/chat HTTP/1.1" 200 -
2025-07-24 10:57:07,397 - app.routes - INFO - Processando mensagem de chat: 'Um MVP Conceitual (Produto Mínimo Viável Conceitua...'
2025-07-24 10:57:08,629 - app.routes - INFO - Chat processado com sucesso.
2025-07-24 10:57:08,630 - werkzeug - INFO - 127.0.0.1 - - [24/Jul/2025 10:57:08] "POST /api/chat HTTP/1.1" 200 -
2025-07-24 10:59:49,369 - werkzeug - INFO - 127.0.0.1 - - [24/Jul/2025 10:59:49] "OPTIONS /api/chat HTTP/1.1" 200 -
2025-07-24 10:59:49,622 - app.routes - INFO - Processando mensagem de chat: 'Um MVP Conceitual (Produto Mínimo Viável Conceitua...'
2025-07-24 10:59:51,311 - app.routes - INFO - Chat processado com sucesso.
2025-07-24 10:59:51,312 - werkzeug - INFO - 127.0.0.1 - - [24/Jul/2025 10:59:51] "POST /api/chat HTTP/1.1" 200 -
2025-07-24 11:04:20,114 - app.routes - INFO - Processando análise de PDF com prompt: 'Poderia fazer um resumo?...'
2025-07-24 11:04:22,380 - app.routes - INFO - PDF analisado com sucesso.
2025-07-24 11:04:22,381 - werkzeug - INFO - 127.0.0.1 - - [24/Jul/2025 11:04:22] "POST /api/analyze-pdf HTTP/1.1" 200 -
2025-07-24 11:04:35,127 - werkzeug - INFO - 127.0.0.1 - - [24/Jul/2025 11:04:35] "OPTIONS /api/chat HTTP/1.1" 200 -
2025-07-24 11:04:35,433 - app.routes - INFO - Processando mensagem de chat: 'O documento descreve um MVP Conceitual (Minimum Vi...'
2025-07-24 11:04:37,236 - app.routes - INFO - Chat processado com sucesso.
2025-07-24 11:04:37,236 - werkzeug - INFO - 127.0.0.1 - - [24/Jul/2025 11:04:37] "POST /api/chat HTTP/1.1" 200 -
2025-08-07 07:43:05,211 - werkzeug - INFO - [31m[1mWARNING: This is a development server. Do not use it in a production deployment. Use a production WSGI server instead.[0m
 * Running on http://127.0.0.1:5000
2025-08-07 07:43:05,211 - werkzeug - INFO - [33mPress CTRL+C to quit[0m
2025-08-07 07:43:05,219 - werkzeug - INFO -  * Restarting with stat
2025-08-07 07:43:06,271 - werkzeug - WARNING -  * Debugger is active!
2025-08-07 07:43:06,275 - werkzeug - INFO -  * Debugger PIN: 115-803-052
2025-08-07 07:43:34,015 - werkzeug - INFO - 127.0.0.1 - - [07/Aug/2025 07:43:34] "[33mPOST /teste-db HTTP/1.1[0m" 404 -
2025-08-07 07:43:38,266 - werkzeug - INFO - 127.0.0.1 - - [07/Aug/2025 07:43:38] "[33mPOST /teste-db HTTP/1.1[0m" 404 -
2025-08-07 07:43:44,520 - werkzeug - INFO - 127.0.0.1 - - [07/Aug/2025 07:43:44] "[33mGET /teste-db HTTP/1.1[0m" 404 -
2025-08-07 07:43:55,176 - werkzeug - INFO - 127.0.0.1 - - [07/Aug/2025 07:43:55] "[33mGET /teste-db HTTP/1.1[0m" 404 -
2025-08-07 07:46:09,129 - werkzeug - INFO - 127.0.0.1 - - [07/Aug/2025 07:46:09] "[33mGET /teste-db HTTP/1.1[0m" 404 -
2025-08-07 07:48:00,327 - werkzeug - INFO -  * Detected change in 'E:\\Estudos\\Faculdade\\Projeto DevSoftware\\server\\app\\routes.py', reloading
2025-08-07 07:48:00,867 - werkzeug - INFO -  * Restarting with stat
2025-08-07 07:48:01,933 - werkzeug - WARNING -  * Debugger is active!
2025-08-07 07:48:01,937 - werkzeug - INFO -  * Debugger PIN: 115-803-052
2025-08-07 07:48:02,083 - werkzeug - INFO -  * Detected change in 'E:\\Estudos\\Faculdade\\Projeto DevSoftware\\server\\app\\routes.py', reloading
2025-08-07 07:48:02,679 - werkzeug - INFO -  * Restarting with stat
2025-08-07 07:48:03,732 - werkzeug - WARNING -  * Debugger is active!
2025-08-07 07:48:03,735 - werkzeug - INFO -  * Debugger PIN: 115-803-052
2025-08-07 07:50:13,723 - werkzeug - INFO - [31m[1mWARNING: This is a development server. Do not use it in a production deployment. Use a production WSGI server instead.[0m
 * Running on http://127.0.0.1:5000
2025-08-07 07:50:13,723 - werkzeug - INFO - [33mPress CTRL+C to quit[0m
2025-08-07 07:50:13,724 - werkzeug - INFO -  * Restarting with stat
2025-08-07 07:50:14,779 - werkzeug - WARNING -  * Debugger is active!
2025-08-07 07:50:14,783 - werkzeug - INFO -  * Debugger PIN: 115-803-052
2025-08-07 07:51:03,967 - werkzeug - INFO - 127.0.0.1 - - [07/Aug/2025 07:51:03] "[33mPOST /chat HTTP/1.1[0m" 404 -
2025-08-07 07:51:11,573 - werkzeug - INFO - 127.0.0.1 - - [07/Aug/2025 07:51:11] "[33mGET /chat HTTP/1.1[0m" 404 -
2025-08-07 07:51:46,264 - werkzeug - INFO - 127.0.0.1 - - [07/Aug/2025 07:51:46] "[33mGET / HTTP/1.1[0m" 404 -
2025-08-07 07:51:46,349 - werkzeug - INFO - 127.0.0.1 - - [07/Aug/2025 07:51:46] "[33mGET /favicon.ico HTTP/1.1[0m" 404 -
2025-08-07 07:51:51,092 - werkzeug - INFO - 127.0.0.1 - - [07/Aug/2025 07:51:51] "[33mGET /chat HTTP/1.1[0m" 404 -
2025-08-07 07:51:55,501 - werkzeug - INFO - 127.0.0.1 - - [07/Aug/2025 07:51:55] "[33mPOST /chat HTTP/1.1[0m" 404 -
2025-08-07 07:52:41,085 - app.routes - INFO - Processando mensagem de chat: 'Este é um teste de banco de dados na API....'
2025-08-07 07:52:42,173 - app.routes - INFO - Chat processado com sucesso.
2025-08-07 07:52:42,173 - werkzeug - INFO - 127.0.0.1 - - [07/Aug/2025 07:52:42] "POST /api/chat HTTP/1.1" 200 -
2025-08-07 07:54:07,141 - werkzeug - INFO -  * Detected change in 'E:\\Estudos\\Faculdade\\Projeto DevSoftware\\server\\app\\routes.py', reloading
2025-08-07 07:54:09,744 - werkzeug - INFO -  * Restarting with stat
2025-08-07 07:54:10,796 - werkzeug - WARNING -  * Debugger is active!
2025-08-07 07:54:10,800 - werkzeug - INFO -  * Debugger PIN: 115-803-052
2025-08-07 07:54:13,138 - werkzeug - INFO -  * Detected change in 'E:\\Estudos\\Faculdade\\Projeto DevSoftware\\server\\app\\routes.py', reloading
2025-08-07 07:54:13,686 - werkzeug - INFO -  * Restarting with stat
2025-08-07 07:54:14,752 - werkzeug - WARNING -  * Debugger is active!
2025-08-07 07:54:14,755 - werkzeug - INFO -  * Debugger PIN: 115-803-052
2025-08-07 07:54:23,565 - werkzeug - INFO -  * Detected change in 'E:\\Estudos\\Faculdade\\Projeto DevSoftware\\server\\app\\routes.py', reloading
2025-08-07 07:54:24,136 - werkzeug - INFO -  * Restarting with stat
2025-08-07 07:54:25,178 - werkzeug - WARNING -  * Debugger is active!
2025-08-07 07:54:25,181 - werkzeug - INFO -  * Debugger PIN: 115-803-052
2025-08-07 07:54:26,419 - werkzeug - INFO -  * Detected change in 'E:\\Estudos\\Faculdade\\Projeto DevSoftware\\server\\app\\routes.py', reloading
2025-08-07 07:54:26,928 - werkzeug - INFO -  * Restarting with stat
2025-08-07 07:54:27,982 - werkzeug - WARNING -  * Debugger is active!
2025-08-07 07:54:27,987 - werkzeug - INFO -  * Debugger PIN: 115-803-052
2025-08-07 07:54:31,386 - werkzeug - INFO -  * Detected change in 'E:\\Estudos\\Faculdade\\Projeto DevSoftware\\server\\app\\routes.py', reloading
2025-08-07 07:54:31,899 - werkzeug - INFO -  * Restarting with stat
2025-08-07 07:54:32,960 - werkzeug - WARNING -  * Debugger is active!
2025-08-07 07:54:32,963 - werkzeug - INFO -  * Debugger PIN: 115-803-052
2025-08-07 07:54:34,205 - werkzeug - INFO -  * Detected change in 'E:\\Estudos\\Faculdade\\Projeto DevSoftware\\server\\app\\routes.py', reloading
2025-08-07 07:54:34,705 - werkzeug - INFO -  * Restarting with stat
2025-08-07 07:54:35,755 - werkzeug - WARNING -  * Debugger is active!
2025-08-07 07:54:35,759 - werkzeug - INFO -  * Debugger PIN: 115-803-052
2025-08-07 07:54:38,095 - werkzeug - INFO -  * Detected change in 'E:\\Estudos\\Faculdade\\Projeto DevSoftware\\server\\app\\routes.py', reloading
2025-08-07 07:54:38,641 - werkzeug - INFO -  * Restarting with stat
2025-08-07 07:54:39,671 - werkzeug - WARNING -  * Debugger is active!
2025-08-07 07:54:39,675 - werkzeug - INFO -  * Debugger PIN: 115-803-052
2025-08-07 07:54:44,158 - app.routes - INFO - Processando mensagem de chat: 'Este é um teste de banco de dados na API....'
2025-08-07 07:54:45,583 - app.routes - INFO - Chat processado com sucesso.
2025-08-07 07:54:45,833 - app.routes - ERROR - Erro no chat: bad auth : authentication failed, full error: {'ok': 0, 'errmsg': 'bad auth : authentication failed', 'code': 8000, 'codeName': 'AtlasError'}
Traceback (most recent call last):
  File "E:\Estudos\Faculdade\Projeto DevSoftware\server\app\routes.py", line 50, in chat
    historico.insert_one({
    ~~~~~~~~~~~~~~~~~~~~^^
        "mensagem_usuario": user_message,
        ^^^^^^^^^^^^^^^^^^^^^^^^^^^^^^^^^
        "resposta_modelo": resposta
        ^^^^^^^^^^^^^^^^^^^^^^^^^^^
    })
    ^^
  File "E:\Estudos\Faculdade\Projeto DevSoftware\server\.venv\Lib\site-packages\pymongo\synchronous\collection.py", line 891, in insert_one
    self._insert_one(
    ~~~~~~~~~~~~~~~~^
        document,
        ^^^^^^^^^
    ...<5 lines>...
        comment=comment,
        ^^^^^^^^^^^^^^^^
    ),
    ^
  File "E:\Estudos\Faculdade\Projeto DevSoftware\server\.venv\Lib\site-packages\pymongo\synchronous\collection.py", line 831, in _insert_one
    self._database.client._retryable_write(
    ~~~~~~~~~~~~~~~~~~~~~~~~~~~~~~~~~~~~~~^
        acknowledged, _insert_command, session, operation=_Op.INSERT
        ^^^^^^^^^^^^^^^^^^^^^^^^^^^^^^^^^^^^^^^^^^^^^^^^^^^^^^^^^^^^
    )
    ^
  File "E:\Estudos\Faculdade\Projeto DevSoftware\server\.venv\Lib\site-packages\pymongo\synchronous\mongo_client.py", line 2076, in _retryable_write
    return self._retry_with_session(retryable, func, s, bulk, operation, operation_id)
           ~~~~~~~~~~~~~~~~~~~~~~~~^^^^^^^^^^^^^^^^^^^^^^^^^^^^^^^^^^^^^^^^^^^^^^^^^^^
  File "E:\Estudos\Faculdade\Projeto DevSoftware\server\.venv\Lib\site-packages\pymongo\synchronous\mongo_client.py", line 1962, in _retry_with_session
    return self._retry_internal(
           ~~~~~~~~~~~~~~~~~~~~^
        func=func,
        ^^^^^^^^^^
    ...<4 lines>...
        operation_id=operation_id,
        ^^^^^^^^^^^^^^^^^^^^^^^^^^
    )
    ^
  File "E:\Estudos\Faculdade\Projeto DevSoftware\server\.venv\Lib\site-packages\pymongo\_csot.py", line 125, in csot_wrapper
    return func(self, *args, **kwargs)
  File "E:\Estudos\Faculdade\Projeto DevSoftware\server\.venv\Lib\site-packages\pymongo\synchronous\mongo_client.py", line 2008, in _retry_internal
    ).run()
      ~~~^^
  File "E:\Estudos\Faculdade\Projeto DevSoftware\server\.venv\Lib\site-packages\pymongo\synchronous\mongo_client.py", line 2745, in run
    return self._read() if self._is_read else self._write()
                                              ~~~~~~~~~~~^^
  File "E:\Estudos\Faculdade\Projeto DevSoftware\server\.venv\Lib\site-packages\pymongo\synchronous\mongo_client.py", line 2856, in _write
    with self._client._checkout(self._server, self._session) as conn:
         ~~~~~~~~~~~~~~~~~~~~~~^^^^^^^^^^^^^^^^^^^^^^^^^^^^^
  File "C:\Users\vinic\AppData\Local\Programs\Python\Python313\Lib\contextlib.py", line 141, in __enter__
    return next(self.gen)
  File "E:\Estudos\Faculdade\Projeto DevSoftware\server\.venv\Lib\site-packages\pymongo\synchronous\mongo_client.py", line 1771, in _checkout
    with server.checkout(handler=err_handler) as conn:
         ~~~~~~~~~~~~~~~^^^^^^^^^^^^^^^^^^^^^
  File "C:\Users\vinic\AppData\Local\Programs\Python\Python313\Lib\contextlib.py", line 141, in __enter__
    return next(self.gen)
  File "E:\Estudos\Faculdade\Projeto DevSoftware\server\.venv\Lib\site-packages\pymongo\synchronous\pool.py", line 1119, in checkout
    conn = self._get_conn(checkout_started_time, handler=handler)
  File "E:\Estudos\Faculdade\Projeto DevSoftware\server\.venv\Lib\site-packages\pymongo\synchronous\pool.py", line 1281, in _get_conn
    conn = self.connect(handler=handler)
  File "E:\Estudos\Faculdade\Projeto DevSoftware\server\.venv\Lib\site-packages\pymongo\synchronous\pool.py", line 1073, in connect
    conn.authenticate()
    ~~~~~~~~~~~~~~~~~^^
  File "E:\Estudos\Faculdade\Projeto DevSoftware\server\.venv\Lib\site-packages\pymongo\synchronous\pool.py", line 526, in authenticate
    auth.authenticate(creds, self, reauthenticate=reauthenticate)
    ~~~~~~~~~~~~~~~~~^^^^^^^^^^^^^^^^^^^^^^^^^^^^^^^^^^^^^^^^^^^^
  File "E:\Estudos\Faculdade\Projeto DevSoftware\server\.venv\Lib\site-packages\pymongo\synchronous\auth.py", line 450, in authenticate
    auth_func(credentials, conn)
    ~~~~~~~~~^^^^^^^^^^^^^^^^^^^
  File "E:\Estudos\Faculdade\Projeto DevSoftware\server\.venv\Lib\site-packages\pymongo\synchronous\auth.py", line 355, in _authenticate_default
    return _authenticate_scram(credentials, conn, "SCRAM-SHA-1")
  File "E:\Estudos\Faculdade\Projeto DevSoftware\server\.venv\Lib\site-packages\pymongo\synchronous\auth.py", line 135, in _authenticate_scram
    res = conn.command(source, cmd)
  File "E:\Estudos\Faculdade\Projeto DevSoftware\server\.venv\Lib\site-packages\pymongo\synchronous\helpers.py", line 47, in inner
    return func(*args, **kwargs)
  File "E:\Estudos\Faculdade\Projeto DevSoftware\server\.venv\Lib\site-packages\pymongo\synchronous\pool.py", line 414, in command
    return command(
        self,
    ...<20 lines>...
        write_concern=write_concern,
    )
  File "E:\Estudos\Faculdade\Projeto DevSoftware\server\.venv\Lib\site-packages\pymongo\synchronous\network.py", line 212, in command
    helpers_shared._check_command_response(
    ~~~~~~~~~~~~~~~~~~~~~~~~~~~~~~~~~~~~~~^
        response_doc,
        ^^^^^^^^^^^^^
    ...<2 lines>...
        parse_write_concern_error=parse_write_concern_error,
        ^^^^^^^^^^^^^^^^^^^^^^^^^^^^^^^^^^^^^^^^^^^^^^^^^^^^
    )
    ^
  File "E:\Estudos\Faculdade\Projeto DevSoftware\server\.venv\Lib\site-packages\pymongo\helpers_shared.py", line 250, in _check_command_response
    raise OperationFailure(errmsg, code, response, max_wire_version)
pymongo.errors.OperationFailure: bad auth : authentication failed, full error: {'ok': 0, 'errmsg': 'bad auth : authentication failed', 'code': 8000, 'codeName': 'AtlasError'}
2025-08-07 07:54:45,840 - werkzeug - INFO - 127.0.0.1 - - [07/Aug/2025 07:54:45] "[35m[1mPOST /api/chat HTTP/1.1[0m" 500 -
2025-08-07 07:59:44,036 - app.routes - INFO - Processando mensagem de chat: 'Este é um teste de banco de dados na API....'
2025-08-07 07:59:45,444 - app.routes - INFO - Chat processado com sucesso.
2025-08-07 07:59:45,682 - app.routes - ERROR - Erro no chat: bad auth : authentication failed, full error: {'ok': 0, 'errmsg': 'bad auth : authentication failed', 'code': 8000, 'codeName': 'AtlasError'}
Traceback (most recent call last):
  File "E:\Estudos\Faculdade\Projeto DevSoftware\server\app\routes.py", line 50, in chat
    historico.insert_one({
    ~~~~~~~~~~~~~~~~~~~~^^
        "mensagem_usuario": user_message,
        ^^^^^^^^^^^^^^^^^^^^^^^^^^^^^^^^^
        "resposta_modelo": resposta
        ^^^^^^^^^^^^^^^^^^^^^^^^^^^
    })
    ^^
  File "E:\Estudos\Faculdade\Projeto DevSoftware\server\.venv\Lib\site-packages\pymongo\synchronous\collection.py", line 891, in insert_one
    self._insert_one(
    ~~~~~~~~~~~~~~~~^
        document,
        ^^^^^^^^^
    ...<5 lines>...
        comment=comment,
        ^^^^^^^^^^^^^^^^
    ),
    ^
  File "E:\Estudos\Faculdade\Projeto DevSoftware\server\.venv\Lib\site-packages\pymongo\synchronous\collection.py", line 831, in _insert_one
    self._database.client._retryable_write(
    ~~~~~~~~~~~~~~~~~~~~~~~~~~~~~~~~~~~~~~^
        acknowledged, _insert_command, session, operation=_Op.INSERT
        ^^^^^^^^^^^^^^^^^^^^^^^^^^^^^^^^^^^^^^^^^^^^^^^^^^^^^^^^^^^^
    )
    ^
  File "E:\Estudos\Faculdade\Projeto DevSoftware\server\.venv\Lib\site-packages\pymongo\synchronous\mongo_client.py", line 2076, in _retryable_write
    return self._retry_with_session(retryable, func, s, bulk, operation, operation_id)
           ~~~~~~~~~~~~~~~~~~~~~~~~^^^^^^^^^^^^^^^^^^^^^^^^^^^^^^^^^^^^^^^^^^^^^^^^^^^
  File "E:\Estudos\Faculdade\Projeto DevSoftware\server\.venv\Lib\site-packages\pymongo\synchronous\mongo_client.py", line 1962, in _retry_with_session
    return self._retry_internal(
           ~~~~~~~~~~~~~~~~~~~~^
        func=func,
        ^^^^^^^^^^
    ...<4 lines>...
        operation_id=operation_id,
        ^^^^^^^^^^^^^^^^^^^^^^^^^^
    )
    ^
  File "E:\Estudos\Faculdade\Projeto DevSoftware\server\.venv\Lib\site-packages\pymongo\_csot.py", line 125, in csot_wrapper
    return func(self, *args, **kwargs)
  File "E:\Estudos\Faculdade\Projeto DevSoftware\server\.venv\Lib\site-packages\pymongo\synchronous\mongo_client.py", line 2008, in _retry_internal
    ).run()
      ~~~^^
  File "E:\Estudos\Faculdade\Projeto DevSoftware\server\.venv\Lib\site-packages\pymongo\synchronous\mongo_client.py", line 2745, in run
    return self._read() if self._is_read else self._write()
                                              ~~~~~~~~~~~^^
  File "E:\Estudos\Faculdade\Projeto DevSoftware\server\.venv\Lib\site-packages\pymongo\synchronous\mongo_client.py", line 2856, in _write
    with self._client._checkout(self._server, self._session) as conn:
         ~~~~~~~~~~~~~~~~~~~~~~^^^^^^^^^^^^^^^^^^^^^^^^^^^^^
  File "C:\Users\vinic\AppData\Local\Programs\Python\Python313\Lib\contextlib.py", line 141, in __enter__
    return next(self.gen)
  File "E:\Estudos\Faculdade\Projeto DevSoftware\server\.venv\Lib\site-packages\pymongo\synchronous\mongo_client.py", line 1771, in _checkout
    with server.checkout(handler=err_handler) as conn:
         ~~~~~~~~~~~~~~~^^^^^^^^^^^^^^^^^^^^^
  File "C:\Users\vinic\AppData\Local\Programs\Python\Python313\Lib\contextlib.py", line 141, in __enter__
    return next(self.gen)
  File "E:\Estudos\Faculdade\Projeto DevSoftware\server\.venv\Lib\site-packages\pymongo\synchronous\pool.py", line 1119, in checkout
    conn = self._get_conn(checkout_started_time, handler=handler)
  File "E:\Estudos\Faculdade\Projeto DevSoftware\server\.venv\Lib\site-packages\pymongo\synchronous\pool.py", line 1281, in _get_conn
    conn = self.connect(handler=handler)
  File "E:\Estudos\Faculdade\Projeto DevSoftware\server\.venv\Lib\site-packages\pymongo\synchronous\pool.py", line 1073, in connect
    conn.authenticate()
    ~~~~~~~~~~~~~~~~~^^
  File "E:\Estudos\Faculdade\Projeto DevSoftware\server\.venv\Lib\site-packages\pymongo\synchronous\pool.py", line 526, in authenticate
    auth.authenticate(creds, self, reauthenticate=reauthenticate)
    ~~~~~~~~~~~~~~~~~^^^^^^^^^^^^^^^^^^^^^^^^^^^^^^^^^^^^^^^^^^^^
  File "E:\Estudos\Faculdade\Projeto DevSoftware\server\.venv\Lib\site-packages\pymongo\synchronous\auth.py", line 450, in authenticate
    auth_func(credentials, conn)
    ~~~~~~~~~^^^^^^^^^^^^^^^^^^^
  File "E:\Estudos\Faculdade\Projeto DevSoftware\server\.venv\Lib\site-packages\pymongo\synchronous\auth.py", line 355, in _authenticate_default
    return _authenticate_scram(credentials, conn, "SCRAM-SHA-1")
  File "E:\Estudos\Faculdade\Projeto DevSoftware\server\.venv\Lib\site-packages\pymongo\synchronous\auth.py", line 135, in _authenticate_scram
    res = conn.command(source, cmd)
  File "E:\Estudos\Faculdade\Projeto DevSoftware\server\.venv\Lib\site-packages\pymongo\synchronous\helpers.py", line 47, in inner
    return func(*args, **kwargs)
  File "E:\Estudos\Faculdade\Projeto DevSoftware\server\.venv\Lib\site-packages\pymongo\synchronous\pool.py", line 414, in command
    return command(
        self,
    ...<20 lines>...
        write_concern=write_concern,
    )
  File "E:\Estudos\Faculdade\Projeto DevSoftware\server\.venv\Lib\site-packages\pymongo\synchronous\network.py", line 212, in command
    helpers_shared._check_command_response(
    ~~~~~~~~~~~~~~~~~~~~~~~~~~~~~~~~~~~~~~^
        response_doc,
        ^^^^^^^^^^^^^
    ...<2 lines>...
        parse_write_concern_error=parse_write_concern_error,
        ^^^^^^^^^^^^^^^^^^^^^^^^^^^^^^^^^^^^^^^^^^^^^^^^^^^^
    )
    ^
  File "E:\Estudos\Faculdade\Projeto DevSoftware\server\.venv\Lib\site-packages\pymongo\helpers_shared.py", line 250, in _check_command_response
    raise OperationFailure(errmsg, code, response, max_wire_version)
pymongo.errors.OperationFailure: bad auth : authentication failed, full error: {'ok': 0, 'errmsg': 'bad auth : authentication failed', 'code': 8000, 'codeName': 'AtlasError'}
2025-08-07 07:59:45,687 - werkzeug - INFO - 127.0.0.1 - - [07/Aug/2025 07:59:45] "[35m[1mPOST /api/chat HTTP/1.1[0m" 500 -
2025-08-07 08:12:47,427 - werkzeug - INFO - [31m[1mWARNING: This is a development server. Do not use it in a production deployment. Use a production WSGI server instead.[0m
 * Running on http://127.0.0.1:5000
2025-08-07 08:12:47,427 - werkzeug - INFO - [33mPress CTRL+C to quit[0m
2025-08-07 08:12:47,428 - werkzeug - INFO -  * Restarting with stat
2025-08-07 08:12:48,527 - werkzeug - WARNING -  * Debugger is active!
2025-08-07 08:12:48,531 - werkzeug - INFO -  * Debugger PIN: 115-803-052
2025-08-07 08:12:55,592 - app.routes - INFO - Processando mensagem de chat: 'Este é um teste de banco de dados na API....'
2025-08-07 08:12:56,997 - app.routes - INFO - Chat processado com sucesso.
2025-08-07 08:12:57,074 - werkzeug - INFO - 127.0.0.1 - - [07/Aug/2025 08:12:57] "POST /api/chat HTTP/1.1" 200 -
2025-08-07 08:14:15,305 - werkzeug - INFO -  * Detected change in 'E:\\Estudos\\Faculdade\\Projeto DevSoftware\\server\\tests\\test_database.py', reloading
2025-08-07 08:21:28,275 - werkzeug - INFO - [31m[1mWARNING: This is a development server. Do not use it in a production deployment. Use a production WSGI server instead.[0m
 * Running on http://127.0.0.1:5000
2025-08-07 08:21:28,275 - werkzeug - INFO - [33mPress CTRL+C to quit[0m
2025-08-07 08:21:28,277 - werkzeug - INFO -  * Restarting with stat
2025-08-07 08:21:29,391 - werkzeug - WARNING -  * Debugger is active!
2025-08-07 08:21:29,395 - werkzeug - INFO -  * Debugger PIN: 115-803-052
2025-08-07 08:28:42,674 - werkzeug - INFO -  * Detected change in 'E:\\Estudos\\Faculdade\\Projeto DevSoftware\\server\\app\\models.py', reloading
2025-08-07 08:28:42,815 - werkzeug - INFO -  * Restarting with stat
2025-08-07 08:35:24,733 - werkzeug - INFO - [31m[1mWARNING: This is a development server. Do not use it in a production deployment. Use a production WSGI server instead.[0m
 * Running on http://127.0.0.1:5000
2025-08-07 08:35:24,733 - werkzeug - INFO - [33mPress CTRL+C to quit[0m
2025-08-07 08:35:24,734 - werkzeug - INFO -  * Restarting with stat
2025-08-07 08:35:25,836 - werkzeug - WARNING -  * Debugger is active!
2025-08-07 08:35:25,840 - werkzeug - INFO -  * Debugger PIN: 115-803-052
2025-08-07 08:35:37,163 - werkzeug - INFO - 127.0.0.1 - - [07/Aug/2025 08:35:37] "OPTIONS /api/signup HTTP/1.1" 200 -
2025-08-07 08:35:37,459 - werkzeug - INFO - 127.0.0.1 - - [07/Aug/2025 08:35:37] "[35m[1mPOST /api/signup HTTP/1.1[0m" 500 -
2025-08-07 08:36:32,145 - werkzeug - INFO -  * Detected change in 'E:\\Estudos\\Faculdade\\Projeto DevSoftware\\server\\app\\routes.py', reloading
2025-08-07 08:36:32,264 - werkzeug - INFO -  * Restarting with stat
2025-08-07 08:36:33,402 - werkzeug - WARNING -  * Debugger is active!
2025-08-07 08:36:33,406 - werkzeug - INFO -  * Debugger PIN: 115-803-052
2025-08-07 08:36:40,021 - werkzeug - INFO -  * Detected change in 'E:\\Estudos\\Faculdade\\Projeto DevSoftware\\server\\app\\routes.py', reloading
2025-08-07 08:36:40,147 - werkzeug - INFO -  * Restarting with stat
2025-08-07 08:36:41,245 - werkzeug - WARNING -  * Debugger is active!
2025-08-07 08:36:41,248 - werkzeug - INFO -  * Debugger PIN: 115-803-052
2025-08-07 08:36:48,320 - werkzeug - INFO - 127.0.0.1 - - [07/Aug/2025 08:36:48] "OPTIONS /api/signup HTTP/1.1" 200 -
2025-08-07 08:36:48,789 - werkzeug - INFO - 127.0.0.1 - - [07/Aug/2025 08:36:48] "[35m[1mPOST /api/signup HTTP/1.1[0m" 201 -
2025-08-07 08:36:57,188 - werkzeug - INFO - 127.0.0.1 - - [07/Aug/2025 08:36:57] "OPTIONS /api/login HTTP/1.1" 200 -
2025-08-07 08:36:57,625 - werkzeug - INFO - 127.0.0.1 - - [07/Aug/2025 08:36:57] "[31m[1mPOST /api/login HTTP/1.1[0m" 401 -
2025-08-07 08:37:00,698 - werkzeug - INFO - 127.0.0.1 - - [07/Aug/2025 08:37:00] "[31m[1mPOST /api/login HTTP/1.1[0m" 401 -
2025-08-07 08:37:04,967 - werkzeug - INFO - 127.0.0.1 - - [07/Aug/2025 08:37:04] "OPTIONS /api/login HTTP/1.1" 200 -
2025-08-07 08:37:05,354 - werkzeug - INFO - 127.0.0.1 - - [07/Aug/2025 08:37:05] "[31m[1mPOST /api/login HTTP/1.1[0m" 401 -
2025-08-07 08:37:12,765 - werkzeug - INFO - 127.0.0.1 - - [07/Aug/2025 08:37:12] "OPTIONS /api/login HTTP/1.1" 200 -
2025-08-07 08:37:13,196 - werkzeug - INFO - 127.0.0.1 - - [07/Aug/2025 08:37:13] "[31m[1mPOST /api/login HTTP/1.1[0m" 401 -
2025-08-07 08:37:21,409 - werkzeug - INFO - 127.0.0.1 - - [07/Aug/2025 08:37:21] "OPTIONS /api/login HTTP/1.1" 200 -
2025-08-07 08:37:21,834 - werkzeug - INFO - 127.0.0.1 - - [07/Aug/2025 08:37:21] "[31m[1mPOST /api/login HTTP/1.1[0m" 401 -
2025-08-07 08:42:29,478 - werkzeug - INFO - [31m[1mWARNING: This is a development server. Do not use it in a production deployment. Use a production WSGI server instead.[0m
 * Running on http://127.0.0.1:5000
2025-08-07 08:42:29,478 - werkzeug - INFO - [33mPress CTRL+C to quit[0m
2025-08-07 08:42:29,480 - werkzeug - INFO -  * Restarting with stat
2025-08-07 08:42:30,601 - werkzeug - WARNING -  * Debugger is active!
2025-08-07 08:42:30,604 - werkzeug - INFO -  * Debugger PIN: 115-803-052
2025-08-07 08:42:31,412 - werkzeug - INFO - 127.0.0.1 - - [07/Aug/2025 08:42:31] "OPTIONS /api/login HTTP/1.1" 200 -
2025-08-07 08:42:31,799 - werkzeug - INFO - 127.0.0.1 - - [07/Aug/2025 08:42:31] "[31m[1mPOST /api/login HTTP/1.1[0m" 401 -
2025-08-07 08:49:08,583 - werkzeug - INFO - [31m[1mWARNING: This is a development server. Do not use it in a production deployment. Use a production WSGI server instead.[0m
 * Running on http://127.0.0.1:5000
2025-08-07 08:49:08,583 - werkzeug - INFO - [33mPress CTRL+C to quit[0m
2025-08-07 08:49:08,585 - werkzeug - INFO -  * Restarting with stat
2025-08-07 08:49:09,703 - werkzeug - WARNING -  * Debugger is active!
2025-08-07 08:49:09,707 - werkzeug - INFO -  * Debugger PIN: 115-803-052
2025-08-07 08:49:29,412 - werkzeug - INFO - 127.0.0.1 - - [07/Aug/2025 08:49:29] "OPTIONS /api/signup HTTP/1.1" 200 -
2025-08-07 08:49:29,873 - werkzeug - INFO - 127.0.0.1 - - [07/Aug/2025 08:49:29] "[35m[1mPOST /api/signup HTTP/1.1[0m" 201 -
2025-08-07 08:49:39,328 - werkzeug - INFO - 127.0.0.1 - - [07/Aug/2025 08:49:39] "OPTIONS /api/login HTTP/1.1" 200 -
2025-08-07 08:49:39,753 - werkzeug - INFO - 127.0.0.1 - - [07/Aug/2025 08:49:39] "POST /api/login HTTP/1.1" 200 -
2025-08-07 08:50:16,214 - app.routes - INFO - Processando análise de PDF com prompt: 'Faça um resumo desse arquivo para mim. ...'
2025-08-07 08:50:19,370 - app.routes - INFO - PDF analisado com sucesso.
2025-08-07 08:50:19,370 - app.routes - ERROR - Erro ao processar PDF: 'nome_arquivo' is an invalid keyword argument for Historico
Traceback (most recent call last):
  File "E:\Estudos\Faculdade\Projeto DevSoftware\server\app\routes.py", line 81, in analyze_pdf
    historico = Historico(
        tipo="resumo",
    ...<2 lines>...
        nome_arquivo=pdf_file.filename
    )
  File "<string>", line 4, in __init__
  File "E:\Estudos\Faculdade\Projeto DevSoftware\server\.venv\Lib\site-packages\sqlalchemy\orm\state.py", line 571, in _initialize_instance
    with util.safe_reraise():
         ~~~~~~~~~~~~~~~~~^^
  File "E:\Estudos\Faculdade\Projeto DevSoftware\server\.venv\Lib\site-packages\sqlalchemy\util\langhelpers.py", line 224, in __exit__
    raise exc_value.with_traceback(exc_tb)
  File "E:\Estudos\Faculdade\Projeto DevSoftware\server\.venv\Lib\site-packages\sqlalchemy\orm\state.py", line 569, in _initialize_instance
    manager.original_init(*mixed[1:], **kwargs)
    ~~~~~~~~~~~~~~~~~~~~~^^^^^^^^^^^^^^^^^^^^^^
  File "E:\Estudos\Faculdade\Projeto DevSoftware\server\.venv\Lib\site-packages\sqlalchemy\orm\decl_base.py", line 2173, in _declarative_constructor
    raise TypeError(
        "%r is an invalid keyword argument for %s" % (k, cls_.__name__)
    )
TypeError: 'nome_arquivo' is an invalid keyword argument for Historico
2025-08-07 08:50:19,396 - werkzeug - INFO - 127.0.0.1 - - [07/Aug/2025 08:50:19] "[35m[1mPOST /api/analyze-pdf HTTP/1.1[0m" 500 -
2025-08-07 08:51:57,719 - werkzeug - INFO -  * Detected change in 'E:\\Estudos\\Faculdade\\Projeto DevSoftware\\server\\app\\models.py', reloading
2025-08-07 08:51:59,863 - werkzeug - INFO -  * Restarting with stat
2025-08-07 08:52:00,985 - werkzeug - WARNING -  * Debugger is active!
2025-08-07 08:52:00,989 - werkzeug - INFO -  * Debugger PIN: 115-803-052
2025-08-07 08:53:02,139 - werkzeug - INFO - [31m[1mWARNING: This is a development server. Do not use it in a production deployment. Use a production WSGI server instead.[0m
 * Running on http://127.0.0.1:5000
2025-08-07 08:53:02,139 - werkzeug - INFO - [33mPress CTRL+C to quit[0m
2025-08-07 08:53:02,140 - werkzeug - INFO -  * Restarting with stat
2025-08-07 08:53:03,280 - werkzeug - WARNING -  * Debugger is active!
2025-08-07 08:53:03,283 - werkzeug - INFO -  * Debugger PIN: 115-803-052
2025-08-07 08:53:15,779 - werkzeug - INFO - 127.0.0.1 - - [07/Aug/2025 08:53:15] "OPTIONS /api/signup HTTP/1.1" 200 -
2025-08-07 08:53:16,227 - werkzeug - INFO - 127.0.0.1 - - [07/Aug/2025 08:53:16] "[35m[1mPOST /api/signup HTTP/1.1[0m" 201 -
2025-08-07 08:53:24,210 - werkzeug - INFO - 127.0.0.1 - - [07/Aug/2025 08:53:24] "OPTIONS /api/login HTTP/1.1" 200 -
2025-08-07 08:53:24,629 - werkzeug - INFO - 127.0.0.1 - - [07/Aug/2025 08:53:24] "POST /api/login HTTP/1.1" 200 -
2025-08-07 08:53:37,462 - app.routes - INFO - Processando análise de PDF com prompt: 'Faça um resumo desse arquivo para mim. ...'
2025-08-07 08:53:40,128 - app.routes - INFO - PDF analisado com sucesso.
2025-08-07 08:53:40,212 - werkzeug - INFO - 127.0.0.1 - - [07/Aug/2025 08:53:40] "POST /api/analyze-pdf HTTP/1.1" 200 -
2025-08-07 08:53:53,846 - werkzeug - INFO - 127.0.0.1 - - [07/Aug/2025 08:53:53] "OPTIONS /api/chat HTTP/1.1" 200 -
2025-08-07 08:53:54,110 - app.routes - INFO - Processando mensagem de chat: 'Este é um kit de mídia para Articos, válido para 2...'
2025-08-07 08:53:55,737 - app.routes - INFO - Chat processado com sucesso.
2025-08-07 08:53:55,790 - werkzeug - INFO - 127.0.0.1 - - [07/Aug/2025 08:53:55] "POST /api/chat HTTP/1.1" 200 -
2025-08-07 08:58:51,775 - werkzeug - INFO -  * Detected change in 'E:\\Estudos\\Faculdade\\Projeto DevSoftware\\server\\app\\routes.py', reloading
2025-08-07 08:58:53,924 - werkzeug - INFO -  * Restarting with stat
2025-08-07 08:58:55,024 - werkzeug - WARNING -  * Debugger is active!
2025-08-07 08:58:55,027 - werkzeug - INFO -  * Debugger PIN: 115-803-052
2025-08-07 09:04:45,858 - werkzeug - INFO - [31m[1mWARNING: This is a development server. Do not use it in a production deployment. Use a production WSGI server instead.[0m
 * Running on http://127.0.0.1:5000
2025-08-07 09:04:45,858 - werkzeug - INFO - [33mPress CTRL+C to quit[0m
2025-08-07 09:04:45,859 - werkzeug - INFO -  * Restarting with stat
2025-08-07 09:04:46,977 - werkzeug - WARNING -  * Debugger is active!
2025-08-07 09:04:46,981 - werkzeug - INFO -  * Debugger PIN: 115-803-052
2025-08-07 09:07:53,626 - werkzeug - INFO -  * Detected change in 'E:\\Estudos\\Faculdade\\Projeto DevSoftware\\server\\app\\routes.py', reloading
2025-08-07 09:07:53,777 - werkzeug - INFO -  * Restarting with stat
2025-08-07 09:07:54,930 - werkzeug - WARNING -  * Debugger is active!
2025-08-07 09:07:54,934 - werkzeug - INFO -  * Debugger PIN: 115-803-052
2025-08-07 09:08:14,660 - werkzeug - INFO -  * Detected change in 'E:\\Estudos\\Faculdade\\Projeto DevSoftware\\server\\app\\models.py', reloading
2025-08-07 09:08:14,809 - werkzeug - INFO -  * Restarting with stat
2025-08-07 09:09:24,581 - werkzeug - INFO - [31m[1mWARNING: This is a development server. Do not use it in a production deployment. Use a production WSGI server instead.[0m
 * Running on http://127.0.0.1:5000
2025-08-07 09:09:24,581 - werkzeug - INFO - [33mPress CTRL+C to quit[0m
2025-08-07 09:09:24,582 - werkzeug - INFO -  * Restarting with stat
2025-08-07 09:09:25,696 - werkzeug - WARNING -  * Debugger is active!
2025-08-07 09:09:25,700 - werkzeug - INFO -  * Debugger PIN: 115-803-052
2025-08-07 09:10:56,221 - werkzeug - INFO - 127.0.0.1 - - [07/Aug/2025 09:10:56] "[31m[1mPOST /api/analyze-pdf HTTP/1.1[0m" 401 -
2025-08-07 09:11:26,393 - werkzeug - INFO - 127.0.0.1 - - [07/Aug/2025 09:11:26] "OPTIONS /api/login HTTP/1.1" 200 -
2025-08-07 09:11:26,825 - werkzeug - INFO - 127.0.0.1 - - [07/Aug/2025 09:11:26] "POST /api/login HTTP/1.1" 200 -
2025-08-07 09:11:32,128 - werkzeug - INFO - 127.0.0.1 - - [07/Aug/2025 09:11:32] "[31m[1mPOST /api/analyze-pdf HTTP/1.1[0m" 401 -
2025-08-07 09:11:42,563 - werkzeug - INFO - 127.0.0.1 - - [07/Aug/2025 09:11:42] "[31m[1mPOST /api/analyze-pdf HTTP/1.1[0m" 401 -
2025-08-07 09:15:50,093 - werkzeug - INFO - 127.0.0.1 - - [07/Aug/2025 09:15:50] "OPTIONS /api/analyze-pdf HTTP/1.1" 200 -
2025-08-07 09:15:50,359 - werkzeug - INFO - 127.0.0.1 - - [07/Aug/2025 09:15:50] "[31m[1mPOST /api/analyze-pdf HTTP/1.1[0m" 422 -
2025-08-07 09:16:13,582 - werkzeug - INFO - 127.0.0.1 - - [07/Aug/2025 09:16:13] "OPTIONS /api/login HTTP/1.1" 200 -
2025-08-07 09:16:14,005 - werkzeug - INFO - 127.0.0.1 - - [07/Aug/2025 09:16:14] "POST /api/login HTTP/1.1" 200 -
2025-08-07 09:16:29,711 - werkzeug - INFO - 127.0.0.1 - - [07/Aug/2025 09:16:29] "OPTIONS /api/analyze-pdf HTTP/1.1" 200 -
2025-08-07 09:16:30,027 - werkzeug - INFO - 127.0.0.1 - - [07/Aug/2025 09:16:30] "[31m[1mPOST /api/analyze-pdf HTTP/1.1[0m" 422 -
2025-08-07 09:18:55,596 - werkzeug - INFO - 127.0.0.1 - - [07/Aug/2025 09:18:55] "OPTIONS /api/analyze-pdf HTTP/1.1" 200 -
2025-08-07 09:18:55,864 - werkzeug - INFO - 127.0.0.1 - - [07/Aug/2025 09:18:55] "[31m[1mPOST /api/analyze-pdf HTTP/1.1[0m" 422 -
2025-08-07 09:19:22,286 - werkzeug - INFO - 127.0.0.1 - - [07/Aug/2025 09:19:22] "OPTIONS /api/login HTTP/1.1" 200 -
2025-08-07 09:19:22,723 - werkzeug - INFO - 127.0.0.1 - - [07/Aug/2025 09:19:22] "POST /api/login HTTP/1.1" 200 -
2025-08-07 09:19:47,589 - werkzeug - INFO - 127.0.0.1 - - [07/Aug/2025 09:19:47] "OPTIONS /api/analyze-pdf HTTP/1.1" 200 -
2025-08-07 09:19:47,893 - werkzeug - INFO - 127.0.0.1 - - [07/Aug/2025 09:19:47] "[31m[1mPOST /api/analyze-pdf HTTP/1.1[0m" 422 -
2025-08-07 09:24:13,842 - werkzeug - INFO - [31m[1mWARNING: This is a development server. Do not use it in a production deployment. Use a production WSGI server instead.[0m
 * Running on http://127.0.0.1:5000
2025-08-07 09:24:13,842 - werkzeug - INFO - [33mPress CTRL+C to quit[0m
2025-08-07 09:24:13,844 - werkzeug - INFO -  * Restarting with stat
2025-08-07 09:24:14,960 - werkzeug - WARNING -  * Debugger is active!
2025-08-07 09:24:14,963 - werkzeug - INFO -  * Debugger PIN: 115-803-052
2025-08-07 09:24:28,794 - werkzeug - INFO - 127.0.0.1 - - [07/Aug/2025 09:24:28] "OPTIONS /api/signup HTTP/1.1" 200 -
2025-08-07 09:24:29,261 - werkzeug - INFO - 127.0.0.1 - - [07/Aug/2025 09:24:29] "[35m[1mPOST /api/signup HTTP/1.1[0m" 201 -
2025-08-07 09:24:39,017 - werkzeug - INFO - 127.0.0.1 - - [07/Aug/2025 09:24:39] "OPTIONS /api/login HTTP/1.1" 200 -
2025-08-07 09:24:39,448 - werkzeug - INFO - 127.0.0.1 - - [07/Aug/2025 09:24:39] "[31m[1mPOST /api/login HTTP/1.1[0m" 401 -
2025-08-07 09:24:41,661 - werkzeug - INFO - 127.0.0.1 - - [07/Aug/2025 09:24:41] "POST /api/login HTTP/1.1" 200 -
2025-08-07 09:26:27,463 - werkzeug - INFO -  * Detected change in 'E:\\Estudos\\Faculdade\\Projeto DevSoftware\\server\\app\\routes.py', reloading
2025-08-07 09:26:27,576 - werkzeug - INFO -  * Restarting with stat
2025-08-07 09:26:28,685 - werkzeug - WARNING -  * Debugger is active!
2025-08-07 09:26:28,688 - werkzeug - INFO -  * Debugger PIN: 115-803-052
2025-08-07 09:28:18,333 - werkzeug - INFO -  * Detected change in 'E:\\Estudos\\Faculdade\\Projeto DevSoftware\\server\\app\\routes.py', reloading
2025-08-07 09:28:18,447 - werkzeug - INFO -  * Restarting with stat
2025-08-07 09:28:19,542 - werkzeug - WARNING -  * Debugger is active!
2025-08-07 09:28:19,546 - werkzeug - INFO -  * Debugger PIN: 115-803-052
2025-08-07 09:29:47,526 - werkzeug - INFO -  * Detected change in 'E:\\Estudos\\Faculdade\\Projeto DevSoftware\\server\\app\\routes.py', reloading
2025-08-07 09:29:47,703 - werkzeug - INFO -  * Restarting with stat
2025-08-07 09:29:48,827 - werkzeug - WARNING -  * Debugger is active!
2025-08-07 09:29:48,831 - werkzeug - INFO -  * Debugger PIN: 115-803-052
2025-08-07 09:29:50,079 - werkzeug - INFO -  * Detected change in 'E:\\Estudos\\Faculdade\\Projeto DevSoftware\\server\\app\\routes.py', reloading
2025-08-07 09:29:50,219 - werkzeug - INFO -  * Restarting with stat
2025-08-07 09:29:51,326 - werkzeug - WARNING -  * Debugger is active!
2025-08-07 09:29:51,329 - werkzeug - INFO -  * Debugger PIN: 115-803-052
2025-08-07 09:29:54,726 - werkzeug - INFO -  * Detected change in 'E:\\Estudos\\Faculdade\\Projeto DevSoftware\\server\\app\\routes.py', reloading
2025-08-07 09:29:54,844 - werkzeug - INFO -  * Restarting with stat
2025-08-07 09:30:20,517 - werkzeug - INFO - [31m[1mWARNING: This is a development server. Do not use it in a production deployment. Use a production WSGI server instead.[0m
 * Running on http://127.0.0.1:5000
2025-08-07 09:30:20,517 - werkzeug - INFO - [33mPress CTRL+C to quit[0m
2025-08-07 09:30:20,518 - werkzeug - INFO -  * Restarting with stat
2025-08-07 09:30:21,604 - werkzeug - WARNING -  * Debugger is active!
2025-08-07 09:30:21,608 - werkzeug - INFO -  * Debugger PIN: 115-803-052
2025-08-07 09:30:30,284 - werkzeug - INFO - 127.0.0.1 - - [07/Aug/2025 09:30:30] "OPTIONS /api/login HTTP/1.1" 200 -
2025-08-07 09:30:30,660 - app.routes - INFO - Resposta /login: {'msg': 'Login realizado com sucesso.', 'access_token': 'eyJhbGciOiJIUzI1NiIsInR5cCI6IkpXVCJ9.eyJmcmVzaCI6ZmFsc2UsImlhdCI6MTc1NDU2OTgzMCwianRpIjoiM2E2NGE4ZTktYjk1ZC00YzU3LWI0MTYtZTJiNDhjNDRmY2Q1IiwidHlwZSI6ImFjY2VzcyIsInN1YiI6MSwibmJmIjoxNzU0NTY5ODMwLCJjc3JmIjoiMzVjNTkyODQtNDI3Yi00MTUzLWJhN2YtNmZhMDVhNjZiNjA3IiwiZXhwIjoxNzU0NTcwNzMwfQ.QcUHqQO9ZYhRkacvyP5V7n4UcJeoLZR7NxtS1b2YhEM', 'user': {'id': 1, 'email': 'teste@email.com', 'name': 'Vinicius', 'role': 'estudante'}}
2025-08-07 09:30:30,660 - werkzeug - INFO - 127.0.0.1 - - [07/Aug/2025 09:30:30] "POST /api/login HTTP/1.1" 200 -
2025-08-07 09:30:42,437 - werkzeug - INFO -  * Detected change in 'E:\\Estudos\\Faculdade\\Projeto DevSoftware\\server\\app\\routes.py', reloading
2025-08-07 09:30:42,593 - werkzeug - INFO -  * Restarting with stat
2025-08-07 09:30:43,709 - werkzeug - WARNING -  * Debugger is active!
2025-08-07 09:30:43,712 - werkzeug - INFO -  * Debugger PIN: 115-803-052
2025-08-07 09:30:47,182 - werkzeug - INFO - 127.0.0.1 - - [07/Aug/2025 09:30:47] "OPTIONS /api/analyze-pdf HTTP/1.1" 200 -
2025-08-07 09:30:47,450 - werkzeug - INFO - 127.0.0.1 - - [07/Aug/2025 09:30:47] "[31m[1mPOST /api/analyze-pdf HTTP/1.1[0m" 422 -
2025-08-07 09:32:18,532 - werkzeug - INFO - 127.0.0.1 - - [07/Aug/2025 09:32:18] "OPTIONS /api/analyze-pdf HTTP/1.1" 200 -
2025-08-07 09:32:18,795 - werkzeug - INFO - 127.0.0.1 - - [07/Aug/2025 09:32:18] "[31m[1mPOST /api/analyze-pdf HTTP/1.1[0m" 422 -
2025-08-07 09:33:49,187 - werkzeug - INFO - 127.0.0.1 - - [07/Aug/2025 09:33:49] "OPTIONS /api/analyze-pdf HTTP/1.1" 200 -
2025-08-07 09:33:49,456 - werkzeug - INFO - 127.0.0.1 - - [07/Aug/2025 09:33:49] "[31m[1mPOST /api/analyze-pdf HTTP/1.1[0m" 422 -
2025-08-07 09:34:05,623 - werkzeug - INFO -  * Detected change in 'E:\\Estudos\\Faculdade\\Projeto DevSoftware\\server\\app\\routes.py', reloading
2025-08-07 09:34:05,802 - werkzeug - INFO -  * Restarting with stat
2025-08-07 09:34:06,923 - werkzeug - WARNING -  * Debugger is active!
2025-08-07 09:34:06,927 - werkzeug - INFO -  * Debugger PIN: 115-803-052
2025-08-07 09:34:07,017 - werkzeug - INFO - 127.0.0.1 - - [07/Aug/2025 09:34:07] "OPTIONS /api/analyze-pdf HTTP/1.1" 200 -
2025-08-07 09:34:07,202 - app.routes - INFO - Processando análise de PDF com prompt: 'Teste ...'
2025-08-07 09:34:09,484 - app.routes - INFO - PDF analisado com sucesso.
2025-08-07 09:34:09,606 - werkzeug - INFO - 127.0.0.1 - - [07/Aug/2025 09:34:09] "POST /api/analyze-pdf HTTP/1.1" 200 -
2025-08-07 09:35:13,268 - werkzeug - INFO -  * Detected change in 'E:\\Estudos\\Faculdade\\Projeto DevSoftware\\server\\app\\routes.py', reloading
2025-08-07 09:35:15,388 - werkzeug - INFO -  * Restarting with stat
2025-08-07 09:35:16,501 - werkzeug - WARNING -  * Debugger is active!
2025-08-07 09:35:16,504 - werkzeug - INFO -  * Debugger PIN: 115-803-052
2025-08-07 09:35:20,987 - werkzeug - INFO -  * Detected change in 'E:\\Estudos\\Faculdade\\Projeto DevSoftware\\server\\app\\routes.py', reloading
2025-08-07 09:35:21,129 - werkzeug - INFO -  * Restarting with stat
2025-08-07 09:35:33,554 - werkzeug - INFO - [31m[1mWARNING: This is a development server. Do not use it in a production deployment. Use a production WSGI server instead.[0m
 * Running on http://127.0.0.1:5000
2025-08-07 09:35:33,554 - werkzeug - INFO - [33mPress CTRL+C to quit[0m
2025-08-07 09:35:33,555 - werkzeug - INFO -  * Restarting with stat
2025-08-07 09:35:34,675 - werkzeug - WARNING -  * Debugger is active!
2025-08-07 09:35:34,679 - werkzeug - INFO -  * Debugger PIN: 115-803-052
2025-08-07 09:35:40,740 - werkzeug - INFO - 127.0.0.1 - - [07/Aug/2025 09:35:40] "OPTIONS /api/analyze-pdf HTTP/1.1" 200 -
2025-08-07 09:35:40,996 - werkzeug - INFO - 127.0.0.1 - - [07/Aug/2025 09:35:40] "[31m[1mPOST /api/analyze-pdf HTTP/1.1[0m" 422 -
2025-08-07 09:37:08,572 - werkzeug - INFO - 127.0.0.1 - - [07/Aug/2025 09:37:08] "OPTIONS /api/analyze-pdf HTTP/1.1" 200 -
2025-08-07 09:37:08,841 - werkzeug - INFO - 127.0.0.1 - - [07/Aug/2025 09:37:08] "[31m[1mPOST /api/analyze-pdf HTTP/1.1[0m" 422 -
2025-08-07 09:41:12,335 - werkzeug - INFO -  * Detected change in 'E:\\Estudos\\Faculdade\\Projeto DevSoftware\\server\\app\\routes.py', reloading
2025-08-07 09:41:12,446 - werkzeug - INFO -  * Restarting with stat
2025-08-07 09:41:13,565 - werkzeug - WARNING -  * Debugger is active!
2025-08-07 09:41:13,569 - werkzeug - INFO -  * Debugger PIN: 115-803-052
2025-08-07 09:41:15,872 - werkzeug - INFO -  * Detected change in 'E:\\Estudos\\Faculdade\\Projeto DevSoftware\\server\\app\\routes.py', reloading
2025-08-07 09:41:15,990 - werkzeug - INFO -  * Restarting with stat
2025-08-07 09:41:17,098 - werkzeug - WARNING -  * Debugger is active!
2025-08-07 09:41:17,102 - werkzeug - INFO -  * Debugger PIN: 115-803-052
2025-08-07 09:41:19,418 - werkzeug - INFO -  * Detected change in 'E:\\Estudos\\Faculdade\\Projeto DevSoftware\\server\\app\\routes.py', reloading
2025-08-07 09:41:19,539 - werkzeug - INFO -  * Restarting with stat
2025-08-07 09:41:20,669 - werkzeug - WARNING -  * Debugger is active!
2025-08-07 09:41:20,673 - werkzeug - INFO -  * Debugger PIN: 115-803-052
2025-08-07 09:45:43,542 - werkzeug - INFO - 127.0.0.1 - - [07/Aug/2025 09:45:43] "OPTIONS /api/analyze-pdf HTTP/1.1" 200 -
2025-08-07 09:45:43,908 - app.routes - INFO - Processando análise de PDF com prompt: 'asdadas...'
2025-08-07 09:45:46,532 - app.routes - INFO - PDF analisado com sucesso.
2025-08-07 09:45:46,708 - werkzeug - INFO - 127.0.0.1 - - [07/Aug/2025 09:45:46] "POST /api/analyze-pdf HTTP/1.1" 200 -
2025-08-07 09:45:52,495 - werkzeug - INFO - 127.0.0.1 - - [07/Aug/2025 09:45:52] "OPTIONS /api/chat HTTP/1.1" 200 -
2025-08-07 09:45:52,802 - app.routes - INFO - Processando mensagem de chat: 'Este PDF parece ser um Media Kit para a empresa ou...'
2025-08-07 09:45:54,715 - app.routes - INFO - Chat processado com sucesso.
2025-08-07 09:45:54,807 - werkzeug - INFO - 127.0.0.1 - - [07/Aug/2025 09:45:54] "POST /api/chat HTTP/1.1" 200 -
2025-08-07 09:45:56,543 - werkzeug - INFO - 127.0.0.1 - - [07/Aug/2025 09:45:56] "OPTIONS /api/save-summary HTTP/1.1" 200 -
2025-08-07 09:45:56,855 - werkzeug - INFO - 127.0.0.1 - - [07/Aug/2025 09:45:56] "[35m[1mPOST /api/save-summary HTTP/1.1[0m" 500 -
2025-08-07 09:47:45,883 - werkzeug - INFO -  * Detected change in 'E:\\Estudos\\Faculdade\\Projeto DevSoftware\\server\\app\\routes.py', reloading
2025-08-07 09:47:48,022 - werkzeug - INFO -  * Restarting with stat
2025-08-07 09:47:49,153 - werkzeug - WARNING -  * Debugger is active!
2025-08-07 09:47:49,156 - werkzeug - INFO -  * Debugger PIN: 115-803-052
2025-08-07 09:49:38,741 - werkzeug - INFO - 127.0.0.1 - - [07/Aug/2025 09:49:38] "OPTIONS /api/save-summary HTTP/1.1" 200 -
2025-08-07 09:49:39,007 - werkzeug - INFO - 127.0.0.1 - - [07/Aug/2025 09:49:39] "[31m[1mPOST /api/save-summary HTTP/1.1[0m" 400 -
2025-08-07 09:52:51,955 - werkzeug - INFO - 127.0.0.1 - - [07/Aug/2025 09:52:51] "OPTIONS /api/save-summary HTTP/1.1" 200 -
2025-08-07 09:52:52,211 - werkzeug - INFO - 127.0.0.1 - - [07/Aug/2025 09:52:52] "[31m[1mPOST /api/save-summary HTTP/1.1[0m" 400 -
2025-08-07 09:53:04,878 - werkzeug - INFO - 127.0.0.1 - - [07/Aug/2025 09:53:04] "OPTIONS /api/login HTTP/1.1" 200 -
2025-08-07 09:53:05,308 - app.routes - INFO - Resposta /login: {'msg': 'Login realizado com sucesso.', 'access_token': 'eyJhbGciOiJIUzI1NiIsInR5cCI6IkpXVCJ9.eyJmcmVzaCI6ZmFsc2UsImlhdCI6MTc1NDU3MTE4NSwianRpIjoiZDRmYTc3M2MtNmU2OC00OTBhLWE2MDAtY2IxOWFkOTI4NjdkIiwidHlwZSI6ImFjY2VzcyIsInN1YiI6MSwibmJmIjoxNzU0NTcxMTg1LCJjc3JmIjoiYjcxMTEwZWEtMWZhOC00ZmVhLWEyZjgtNWE2Njc3MzkwMTc1IiwiZXhwIjoxNzU0NTcyMDg1fQ.x6rv_-UYIhxfj1BXr8UbmWE_7yRgkc0V6nvYaoJ4evk', 'user': {'id': 1, 'email': 'teste@email.com', 'name': 'Vinicius', 'role': 'estudante'}}
2025-08-07 09:53:05,309 - werkzeug - INFO - 127.0.0.1 - - [07/Aug/2025 09:53:05] "POST /api/login HTTP/1.1" 200 -
2025-08-07 09:53:10,928 - werkzeug - INFO - 127.0.0.1 - - [07/Aug/2025 09:53:10] "OPTIONS /api/analyze-pdf HTTP/1.1" 200 -
2025-08-07 09:53:11,336 - app.routes - INFO - Processando análise de PDF com prompt: 'Resuma o conteúdo deste documento para um estudant...'
2025-08-07 09:53:13,125 - app.routes - INFO - PDF analisado com sucesso.
2025-08-07 09:53:13,216 - werkzeug - INFO - 127.0.0.1 - - [07/Aug/2025 09:53:13] "POST /api/analyze-pdf HTTP/1.1" 200 -
2025-08-07 09:53:14,670 - werkzeug - INFO - 127.0.0.1 - - [07/Aug/2025 09:53:14] "OPTIONS /api/chat HTTP/1.1" 200 -
2025-08-07 09:53:14,985 - app.routes - INFO - Processando mensagem de chat: 'Este documento é um Media Kit da Articos para 2025...'
2025-08-07 09:53:16,550 - app.routes - INFO - Chat processado com sucesso.
2025-08-07 09:53:16,652 - werkzeug - INFO - 127.0.0.1 - - [07/Aug/2025 09:53:16] "POST /api/chat HTTP/1.1" 200 -
2025-08-07 09:53:18,277 - werkzeug - INFO - 127.0.0.1 - - [07/Aug/2025 09:53:18] "OPTIONS /api/save-summary HTTP/1.1" 200 -
2025-08-07 09:53:18,585 - werkzeug - INFO - 127.0.0.1 - - [07/Aug/2025 09:53:18] "[31m[1mPOST /api/save-summary HTTP/1.1[0m" 400 -
2025-08-07 09:54:52,325 - werkzeug - INFO -  * Detected change in 'E:\\Estudos\\Faculdade\\Projeto DevSoftware\\server\\app\\routes.py', reloading
2025-08-07 09:54:54,453 - werkzeug - INFO -  * Restarting with stat
2025-08-07 09:55:11,282 - werkzeug - INFO - [31m[1mWARNING: This is a development server. Do not use it in a production deployment. Use a production WSGI server instead.[0m
 * Running on http://127.0.0.1:5000
2025-08-07 09:55:11,283 - werkzeug - INFO - [33mPress CTRL+C to quit[0m
2025-08-07 09:55:11,284 - werkzeug - INFO -  * Restarting with stat
2025-08-07 09:55:12,428 - werkzeug - WARNING -  * Debugger is active!
2025-08-07 09:55:12,432 - werkzeug - INFO -  * Debugger PIN: 115-803-052
2025-08-07 09:55:27,904 - werkzeug - INFO - 127.0.0.1 - - [07/Aug/2025 09:55:27] "OPTIONS /api/login HTTP/1.1" 200 -
2025-08-07 09:55:28,294 - app.routes - INFO - Resposta /login: {'msg': 'Login realizado com sucesso.', 'access_token': 'eyJhbGciOiJIUzI1NiIsInR5cCI6IkpXVCJ9.eyJmcmVzaCI6ZmFsc2UsImlhdCI6MTc1NDU3MTMyOCwianRpIjoiMGM5Y2NjYzYtYzQ4MC00NDBhLWIwYzEtY2E2MmQxNzRlMDZkIiwidHlwZSI6ImFjY2VzcyIsInN1YiI6MSwibmJmIjoxNzU0NTcxMzI4LCJjc3JmIjoiN2Q1ZmQ5NDMtNWI4Yi00ODJlLTg5ZDgtMTJkYjE3YzM2ZGMzIiwiZXhwIjoxNzU0NTcyMjI4fQ.Aky8i7uRuwEKfZPRk3WrbyRKHE8llu5kB6czv8MxRuk', 'user': {'id': 1, 'email': 'teste@email.com', 'name': 'Vinicius', 'role': 'estudante'}}
2025-08-07 09:55:28,295 - werkzeug - INFO - 127.0.0.1 - - [07/Aug/2025 09:55:28] "POST /api/login HTTP/1.1" 200 -
2025-08-07 09:55:33,221 - werkzeug - INFO - 127.0.0.1 - - [07/Aug/2025 09:55:33] "OPTIONS /api/analyze-pdf HTTP/1.1" 200 -
2025-08-07 09:55:33,633 - app.routes - INFO - Processando análise de PDF com prompt: 'Resuma o conteúdo deste documento para um estudant...'
2025-08-07 09:55:35,416 - app.routes - INFO - PDF analisado com sucesso.
2025-08-07 09:55:35,502 - werkzeug - INFO - 127.0.0.1 - - [07/Aug/2025 09:55:35] "POST /api/analyze-pdf HTTP/1.1" 200 -
2025-08-07 09:55:36,672 - werkzeug - INFO - 127.0.0.1 - - [07/Aug/2025 09:55:36] "OPTIONS /api/chat HTTP/1.1" 200 -
2025-08-07 09:55:36,977 - app.routes - INFO - Processando mensagem de chat: 'Este documento é um mídia kit da Articos para 2025...'
2025-08-07 09:55:38,498 - app.routes - INFO - Chat processado com sucesso.
2025-08-07 09:55:38,584 - werkzeug - INFO - 127.0.0.1 - - [07/Aug/2025 09:55:38] "POST /api/chat HTTP/1.1" 200 -
2025-08-07 09:55:39,447 - werkzeug - INFO - 127.0.0.1 - - [07/Aug/2025 09:55:39] "OPTIONS /api/save-summary HTTP/1.1" 200 -
2025-08-07 09:55:39,835 - werkzeug - INFO - 127.0.0.1 - - [07/Aug/2025 09:55:39] "[35m[1mPOST /api/save-summary HTTP/1.1[0m" 201 -
2025-08-07 09:56:44,914 - werkzeug - INFO -  * Detected change in 'E:\\Estudos\\Faculdade\\Projeto DevSoftware\\server\\app\\routes.py', reloading
2025-08-07 09:56:47,045 - werkzeug - INFO -  * Restarting with stat
2025-08-07 09:56:48,163 - werkzeug - WARNING -  * Debugger is active!
2025-08-07 09:56:48,167 - werkzeug - INFO -  * Debugger PIN: 115-803-052
2025-08-07 09:56:52,664 - werkzeug - INFO -  * Detected change in 'E:\\Estudos\\Faculdade\\Projeto DevSoftware\\server\\app\\routes.py', reloading
2025-08-07 09:56:52,778 - werkzeug - INFO -  * Restarting with stat
2025-08-07 09:56:53,908 - werkzeug - WARNING -  * Debugger is active!
2025-08-07 09:56:53,912 - werkzeug - INFO -  * Debugger PIN: 115-803-052
2025-08-07 09:57:02,467 - werkzeug - INFO - 127.0.0.1 - - [07/Aug/2025 09:57:02] "GET /api/my-summaries?user_id=1 HTTP/1.1" 200 -
2025-08-07 09:57:06,573 - werkzeug - INFO - 127.0.0.1 - - [07/Aug/2025 09:57:06] "GET /api/my-summaries?user_id=1 HTTP/1.1" 200 -
2025-08-07 09:57:06,884 - werkzeug - INFO - 127.0.0.1 - - [07/Aug/2025 09:57:06] "GET /api/my-summaries?user_id=1 HTTP/1.1" 200 -
2025-08-07 09:57:08,913 - werkzeug - INFO - 127.0.0.1 - - [07/Aug/2025 09:57:08] "GET /api/my-summaries?user_id=1 HTTP/1.1" 200 -
2025-08-07 09:57:09,168 - werkzeug - INFO - 127.0.0.1 - - [07/Aug/2025 09:57:09] "GET /api/my-summaries?user_id=1 HTTP/1.1" 200 -
2025-08-07 09:57:10,200 - werkzeug - INFO - 127.0.0.1 - - [07/Aug/2025 09:57:10] "GET /api/my-summaries?user_id=1 HTTP/1.1" 200 -
2025-08-07 09:57:10,504 - werkzeug - INFO - 127.0.0.1 - - [07/Aug/2025 09:57:10] "GET /api/my-summaries?user_id=1 HTTP/1.1" 200 -
2025-08-07 09:57:26,529 - werkzeug - INFO - 127.0.0.1 - - [07/Aug/2025 09:57:26] "GET /api/my-summaries?user_id=1 HTTP/1.1" 200 -
2025-08-07 09:57:26,795 - werkzeug - INFO - 127.0.0.1 - - [07/Aug/2025 09:57:26] "GET /api/my-summaries?user_id=1 HTTP/1.1" 200 -
2025-08-07 09:59:29,457 - werkzeug - INFO - 127.0.0.1 - - [07/Aug/2025 09:59:29] "GET /api/my-summaries?user_id=1 HTTP/1.1" 200 -
2025-08-07 09:59:29,711 - werkzeug - INFO - 127.0.0.1 - - [07/Aug/2025 09:59:29] "GET /api/my-summaries?user_id=1 HTTP/1.1" 200 -
2025-08-07 09:59:40,200 - werkzeug - INFO - 127.0.0.1 - - [07/Aug/2025 09:59:40] "GET /api/my-summaries?user_id=1 HTTP/1.1" 200 -
2025-08-07 09:59:40,504 - werkzeug - INFO - 127.0.0.1 - - [07/Aug/2025 09:59:40] "GET /api/my-summaries?user_id=1 HTTP/1.1" 200 -
2025-08-07 09:59:41,937 - werkzeug - INFO - 127.0.0.1 - - [07/Aug/2025 09:59:41] "GET /api/my-summaries?user_id=1 HTTP/1.1" 200 -
2025-08-07 09:59:42,202 - werkzeug - INFO - 127.0.0.1 - - [07/Aug/2025 09:59:42] "GET /api/my-summaries?user_id=1 HTTP/1.1" 200 -
2025-08-07 10:04:29,731 - werkzeug - INFO - 127.0.0.1 - - [07/Aug/2025 10:04:29] "OPTIONS /api/analyze-pdf HTTP/1.1" 200 -
2025-08-07 10:04:30,096 - app.routes - INFO - Processando análise de PDF com prompt: 'Resuma o conteúdo deste documento para um estudant...'
2025-08-07 10:05:04,717 - werkzeug - INFO - 127.0.0.1 - - [07/Aug/2025 10:05:04] "OPTIONS /api/analyze-pdf HTTP/1.1" 200 -
2025-08-07 10:05:05,137 - app.routes - INFO - Processando análise de PDF com prompt: 'Resuma o conteúdo deste documento para um estudant...'
2025-08-07 10:05:10,403 - app.routes - INFO - PDF analisado com sucesso.
2025-08-07 10:05:10,499 - werkzeug - INFO - 127.0.0.1 - - [07/Aug/2025 10:05:10] "POST /api/analyze-pdf HTTP/1.1" 200 -
2025-08-07 10:05:12,165 - werkzeug - INFO - 127.0.0.1 - - [07/Aug/2025 10:05:12] "OPTIONS /api/chat HTTP/1.1" 200 -
2025-08-07 10:05:12,480 - app.routes - INFO - Processando mensagem de chat: 'Este documento é um Media Kit para a Articos em 20...'
2025-08-07 10:05:17,486 - app.routes - INFO - Chat processado com sucesso.
2025-08-07 10:05:17,586 - werkzeug - INFO - 127.0.0.1 - - [07/Aug/2025 10:05:17] "POST /api/chat HTTP/1.1" 200 -
2025-08-07 10:05:23,314 - app.routes - INFO - PDF analisado com sucesso.
2025-08-07 10:05:23,407 - werkzeug - INFO - 127.0.0.1 - - [07/Aug/2025 10:05:23] "POST /api/analyze-pdf HTTP/1.1" 200 -
2025-08-07 10:05:26,332 - werkzeug - INFO - 127.0.0.1 - - [07/Aug/2025 10:05:26] "OPTIONS /api/chat HTTP/1.1" 200 -
2025-08-07 10:05:26,586 - app.routes - INFO - Processando mensagem de chat: 'Este documento é um mídia kit da Articos para 2025...'
2025-08-07 10:05:28,539 - app.routes - INFO - Chat processado com sucesso.
2025-08-07 10:05:28,628 - werkzeug - INFO - 127.0.0.1 - - [07/Aug/2025 10:05:28] "POST /api/chat HTTP/1.1" 200 -
2025-08-07 10:05:30,226 - werkzeug - INFO - 127.0.0.1 - - [07/Aug/2025 10:05:30] "OPTIONS /api/save-summary HTTP/1.1" 200 -
2025-08-07 10:05:30,629 - werkzeug - INFO - 127.0.0.1 - - [07/Aug/2025 10:05:30] "[35m[1mPOST /api/save-summary HTTP/1.1[0m" 201 -
2025-08-07 10:05:31,600 - werkzeug - INFO - 127.0.0.1 - - [07/Aug/2025 10:05:31] "GET /api/my-summaries?user_id=1 HTTP/1.1" 200 -
2025-08-07 10:05:31,918 - werkzeug - INFO - 127.0.0.1 - - [07/Aug/2025 10:05:31] "GET /api/my-summaries?user_id=1 HTTP/1.1" 200 -
2025-08-07 10:07:51,952 - werkzeug - INFO - 127.0.0.1 - - [07/Aug/2025 10:07:51] "OPTIONS /api/save-summary HTTP/1.1" 200 -
2025-08-07 10:07:52,292 - werkzeug - INFO - 127.0.0.1 - - [07/Aug/2025 10:07:52] "[35m[1mPOST /api/save-summary HTTP/1.1[0m" 201 -
2025-08-07 10:07:54,077 - werkzeug - INFO - 127.0.0.1 - - [07/Aug/2025 10:07:54] "GET /api/my-summaries?user_id=1 HTTP/1.1" 200 -
2025-08-07 10:07:54,385 - werkzeug - INFO - 127.0.0.1 - - [07/Aug/2025 10:07:54] "GET /api/my-summaries?user_id=1 HTTP/1.1" 200 -
2025-08-07 10:09:25,440 - werkzeug - INFO - 127.0.0.1 - - [07/Aug/2025 10:09:25] "OPTIONS /api/save-summary HTTP/1.1" 200 -
2025-08-07 10:09:25,793 - werkzeug - INFO - 127.0.0.1 - - [07/Aug/2025 10:09:25] "[35m[1mPOST /api/save-summary HTTP/1.1[0m" 201 -
2025-08-07 10:09:27,898 - werkzeug - INFO - 127.0.0.1 - - [07/Aug/2025 10:09:27] "GET /api/my-summaries?user_id=1 HTTP/1.1" 200 -
2025-08-07 10:09:28,212 - werkzeug - INFO - 127.0.0.1 - - [07/Aug/2025 10:09:28] "GET /api/my-summaries?user_id=1 HTTP/1.1" 200 -
2025-08-07 10:16:46,684 - werkzeug - INFO -  * Detected change in 'E:\\Estudos\\Faculdade\\Projeto DevSoftware\\server\\server.py', reloading
2025-08-07 10:16:48,827 - werkzeug - INFO -  * Restarting with stat
